../Drivers/CMSIS/Include/core_cm4.h:2064:26:ITM_SendChar	16	static,ignoring_inline_asm
../Core/Src/main.c:72:5:_write	32	static
../Core/Src/main.c:85:5:main	8	static
../Core/Src/main.c:169:6:SystemClock_Config	88	static
../Core/Src/main.c:217:13:MX_GPIO_Init	40	static
../Core/Src/main.c:265:6:StartDefaultTask	24	static
../Core/Src/main.c:293:6:HAL_TIM_PeriodElapsedCallback	16	static
../Core/Src/main.c:311:6:Error_Handler	4	static,ignoring_inline_asm
../Core/Src/main.c:325:7:HAL_GPIO_EXTI_Callback	16	static
