../Drivers/CMSIS/Include/core_cm4.h:2064:26:ITM_SendChar	16	static,ignoring_inline_asm
../Core/Src/main.c:87:5:_write	32	static
../Core/Src/main.c:99:5:main	8	static
../Core/Src/main.c:189:6:SystemClock_Config	88	static
../Core/Src/main.c:237:13:MX_GPIO_Init	40	static
../Core/Src/main.c:274:6:func_TaskA	24	static
../Core/Src/main.c:302:6:func_TaskB	24	static
../Core/Src/main.c:329:6:func_TaskC	24	static
../Core/Src/main.c:357:6:HAL_TIM_PeriodElapsedCallback	16	static
../Core/Src/main.c:375:6:Error_Handler	4	static,ignoring_inline_asm
